#-----------------------------------------------------------
# Vivado v2020.1 (64-bit)
# SW Build 2902540 on Wed May 27 19:54:49 MDT 2020
# IP Build 2902112 on Wed May 27 22:43:36 MDT 2020
# Start of session at: Fri Oct  2 20:38:13 2020
# Process ID: 5980
# Current directory: C:/Users/Gaming PC/Documents/GitHub/ECE474-Project-1/project_1
# Command line: vivado.exe -gui_launcher_event rodinguilauncherevent9252 C:\Users\Gaming PC\Documents\GitHub\ECE474-Project-1\project_1\project_1.xpr
# Log file: C:/Users/Gaming PC/Documents/GitHub/ECE474-Project-1/project_1/vivado.log
# Journal file: C:/Users/Gaming PC/Documents/GitHub/ECE474-Project-1/project_1\vivado.jou
#-----------------------------------------------------------
start_gui
open_project {C:/Users/Gaming PC/Documents/GitHub/ECE474-Project-1/project_1/project_1.xpr}
update_compile_order -fileset sources_1
synth_design -rtl -name rtl_1
close_design
# Disabling source management mode.  This is to allow the top design properties to be set without GUI intervention.
set_property source_mgmt_mode None [current_project]
set_property top circuit_2 [current_fileset]
# Re-enabling previously disabled source management mode.
set_property source_mgmt_mode All [current_project]
update_compile_order -fileset sources_1
synth_design -rtl -name rtl_1
close_design
# Disabling source management mode.  This is to allow the top design properties to be set without GUI intervention.
set_property source_mgmt_mode None [current_project]
set_property top circuit_3 [current_fileset]
# Re-enabling previously disabled source management mode.
set_property source_mgmt_mode All [current_project]
update_compile_order -fileset sources_1
synth_design -rtl -name rtl_1
close_design
# Disabling source management mode.  This is to allow the top design properties to be set without GUI intervention.
set_property source_mgmt_mode None [current_project]
set_property top circuit_4 [current_fileset]
# Re-enabling previously disabled source management mode.
set_property source_mgmt_mode All [current_project]
update_compile_order -fileset sources_1
synth_design -rtl -name rtl_1
close_design
